,,,,,,,,,,,,,,,,,,,,,,,,,,,,,,,,,,,,,,,,,,,,,,,,,,,
,,,,,,,,,,,,,,,,,,,,,,,,,,,,,,,,,,,,,,,,,,,,,,,,,,,
,,,,,,,,,,,,,,,,,,,,,,,,,,,,,,,,,,,,,,,,,,,,,,,,,,,
,,,,,,,,,,,,,,,,,,,,,,,,,,,,,,,,,,,,,,,,,,,,,,,,,,,
,,,,.............CCCCCCCCCCCCCCCCCC............,,,,
,,,,.............CCCCCCCCCCCCCCCCCC............,,,,
,,,,.............CCCCCCCCCCCCCCCCCC...SS.......,,,,
,,,,.........SS.......................SS.......,,,,
,,,,.........SS...P..............P....SS.......,,,,
,,,,...........................................,,,,
,,,,...........................................,,,,
,,,,..........FFFFFFF..........................,,,,
,,,,..........FFFFFFF..........................,,,,
,,,,....P.....FFFFFFF.........FFFFFFFF....P....,,,,
,,,,..........FFFFFFF.........FFFFFFFF.........,,,,
,,,,..........................FFFFFFFF.........,,,,
,,,,..........................FFFFFFFF.........,,,,
,,,,..........SSSSSS...........................,,,,
,.................................................,
,.......P.......................SSSS......P.......,
,.........................P.....SSSS..............,
,,,,...........................................,,,,
,,,,..........SSSSSSS..........................,,,,
,,,,...........................................,,,,
,,,,.......FFFFFFFFFF...........FFFFFFFFFF.....,,,,
,,,,....P..FFFFFFFFFF...........FFFFFFFFFF.....,,,,
,,,,.......FFFFFFFFFF...........FFFFFFFFFF.....,,,,
,,,,.......FFFFFFFFFF...........FFFFFFFFFF.....,,,,
,,,,............................FFFFFFFFF......,,,,
,,,,...........................................,,,,
,,,,,,,,,......................................,,,,
,,,,,,,,,,.....................................,,,,
,,,,,,,,,,,,..................................P,,,,
,,,,,,,,,,,,,................................P,,,,,
,,,,,,,,,,,,,,....SSS.............SSS.......P,,,,,,
,,,,,,,,,,,,,,....SSS.............SSS......P,,,,,,,
,,,,,,,,,,,,,,............................P,,,,,,,,
,,,,,,,,,,,,,,...........................P,,,,,,,,,
,,,,,,,,,,,,,,,,,,,,,,,,,,,,,,,,,,,,,,,,P,,,,,,,,,,
,,,,,,,,,,,,,,,,,,,,,,,,,,,,,,,,,,,,,,,,,,,,,,,,,,,