...................................................
...................................................
...................................................
...BBBBBBBBBBBBBBBBBBBBBBBBBBBBBBBBBBBBBBBBBBBBB...
...B...........................................B...
...B...........................................B...
...B...........................................B...
...B.............B...............B.............B...
...B...........................................B...
...B...........................................B...
...B...........................................B...
...B...........................................B...
...B....B.................................B....B...
...B....................B...BBBBBBBB...........B...
...B....................B...B......B...........B...
...B....................B...B......B...........B...
...B....................B...B......B...........B...
BBBB.............BBBBBBBB...BBBBBBBB...........BBBB
B.......B.................................B.......B
B.........................B.......................B
B.................................................B
BBBB...........................................BBBB
...B...........................................B...
...B...........................................B...
...B....B..BBBBBBBBBB...........BBBBBBBBBB.....B...
...B.......B........B...........B........B.....B...
...B.......B........B...........B........B.....B...
...B.......BB.......B...........B........B.....B...
...B.........BBB...BB...........BBB...BBB......B...
...B............BBB................BBB.........B...
...BBBBBB......................................B...
........BB....................................B....
.........BBB.................................B.....
...........BB...............................B......
............BB.............................B.......
.............B............................B........
.............B...........................B.........
.............B..........................B..........
.............BBBBBBBBBBBBBBBBBBBBBBBBBBB...........
...................................................